I'm sorry, but errors were detected in your script. Please correct the
errors listed below, and try again.


The label badend1 is defined twice, at File "game/DialogueScripts/badend1.rpy", line 1:
label badend1:
and File "game/badend1.rpyc", line 1:
label badend1:


The label silveryann is defined twice, at File "game/DialogueScripts/silveryann.rpy", line 1:
label silveryann:
and File "game/silveryann.rpyc", line 1:
label silveryann:


The label stringofhearts is defined twice, at File "game/DialogueScripts/stringofhearts.rpy", line 1:
label stringofhearts:
and File "game/stringofhearts.rpyc", line 1:
label stringofhearts:


Ren'Py Version: Ren'Py 7.4.8.1895
Sun Aug 15 21:50:15 2021
